2026-09-01T09:31:47+00:00 INFO    [event=application.started] IPTV-API 版本: 3.0.0 (构建时间: 2026-08-07 11:45:59)
2026-09-01T09:31:47+00:00 INFO    [phase=prepare event=network.ipv6.checking] 🛜 正在检查当前网络是否支持IPv6...
2026-09-01T09:31:48+00:00 WARNING [phase=prepare event=network.ipv6.unsupported] 当前网络不支持IPv6，别担心，IPv6的结果会被保存下来
2026-09-01T09:31:48+00:00 INFO    [run=81963b13c2c64b02a6f374d5d4c2045f phase=prepare event=run.started] 性能模式: auto → balance，可用资源: 4.0 CPU / 15.62 GB，并发: 测速 8、媒体探测 2、源抓取 8
2026-09-01T09:31:48+00:00 INFO    [run=81963b13c2c64b02a6f374d5d4c2045f phase=prepare event=channels.catalog_loaded] 频道目录已加载：白名单 0，黑名单 2，台标 21
2026-09-01T09:31:48+00:00 INFO    [run=81963b13c2c64b02a6f374d5d4c2045f phase=fetch event=sources.subscribe.summary] 订阅源数量：10，订阅白名单数量：0，停用地址数量：0，有效总数量：10
2026-09-01T09:31:48+00:00 INFO    [run=81963b13c2c64b02a6f374d5d4c2045f phase=fetch event=progress.started] 正在进行获取订阅源  0/10
2026-09-01T09:31:48+00:00 INFO    [run=81963b13c2c64b02a6f374d5d4c2045f phase=fetch event=sources.epg.summary] EPG源数量：1，EPG白名单数量：0，停用地址数量：0，有效总数量：1
2026-09-01T09:31:48+00:00 INFO    [run=81963b13c2c64b02a6f374d5d4c2045f phase=fetch event=progress.started] 正在进行获取EPG源  0/1
2026-09-01T09:31:49+00:00 INFO    [run=81963b13c2c64b02a6f374d5d4c2045f phase=fetch event=epg.source_parsed] EPG 源解析完成：http://e.erw.cc/e.xml.gz，保留节目 2287 条
2026-09-01T09:31:49+00:00 INFO    [run=81963b13c2c64b02a6f374d5d4c2045f phase=fetch event=progress.updated] 正在进行获取EPG源  1/1 (100%)  剩余 0
2026-09-01T09:31:49+00:00 INFO    [run=81963b13c2c64b02a6f374d5d4c2045f phase=fetch event=sources.epg.finished] EPG源: ✅ 有效地址数量：1，⛔ 停用地址数量：0
2026-09-01T09:31:49+00:00 INFO    [run=81963b13c2c64b02a6f374d5d4c2045f phase=fetch event=progress.finished] 正在进行获取EPG源  1/1  匹配 56 个频道
2026-09-01T09:31:49+00:00 INFO    [run=81963b13c2c64b02a6f374d5d4c2045f phase=fetch event=progress.updated] 正在进行获取订阅源  1/10 (10%)  剩余 9
2026-09-01T09:31:49+00:00 INFO    [run=81963b13c2c64b02a6f374d5d4c2045f phase=fetch event=progress.updated] 正在进行获取订阅源  2/10 (20%)  剩余 8
2026-09-01T09:31:49+00:00 INFO    [run=81963b13c2c64b02a6f374d5d4c2045f phase=fetch event=progress.updated] 正在进行获取订阅源  3/10 (30%)  剩余 7
2026-09-01T09:31:49+00:00 INFO    [run=81963b13c2c64b02a6f374d5d4c2045f phase=fetch event=progress.updated] 正在进行获取订阅源  4/10 (40%)  剩余 6
2026-09-01T09:31:49+00:00 INFO    [run=81963b13c2c64b02a6f374d5d4c2045f phase=fetch event=progress.updated] 正在进行获取订阅源  5/10 (50%)  剩余 5
2026-09-01T09:31:50+00:00 INFO    [run=81963b13c2c64b02a6f374d5d4c2045f phase=fetch event=progress.updated] 正在进行获取订阅源  6/10 (60%)  剩余 4
2026-09-01T09:31:50+00:00 INFO    [run=81963b13c2c64b02a6f374d5d4c2045f phase=fetch event=progress.updated] 正在进行获取订阅源  7/10 (70%)  剩余 3
2026-09-01T09:31:51+00:00 INFO    [run=81963b13c2c64b02a6f374d5d4c2045f phase=fetch event=progress.updated] 正在进行获取订阅源  8/10 (80%)  剩余 2
2026-09-01T09:31:51+00:00 INFO    [run=81963b13c2c64b02a6f374d5d4c2045f phase=fetch event=progress.updated] 正在进行获取订阅源  9/10 (90%)  剩余 1
2026-09-01T09:31:52+00:00 INFO    [run=81963b13c2c64b02a6f374d5d4c2045f phase=fetch event=progress.updated] 正在进行获取订阅源  10/10 (100%)  剩余 0
2026-09-01T09:31:52+00:00 INFO    [run=81963b13c2c64b02a6f374d5d4c2045f phase=fetch event=sources.subscribe.finished] 订阅源: ✅ 有效地址数量：10，⛔ 停用地址数量：0
2026-09-01T09:31:52+00:00 INFO    [run=81963b13c2c64b02a6f374d5d4c2045f phase=fetch event=progress.finished] 正在进行获取订阅源  10/10  未匹配 5926
2026-09-01T09:32:13+00:00 INFO    [run=81963b13c2c64b02a6f374d5d4c2045f phase=aggregate event=channels.aggregated] 频道数据聚合完成：56 个频道，1480 个接口（IPv4 1333 / IPv6 147）
2026-09-01T09:32:13+00:00 INFO    [run=81963b13c2c64b02a6f374d5d4c2045f phase=speed_test event=speed_test.planned] 总接口数量: 1475, 需要进行测速的接口数量: 1328
2026-09-01T09:32:13+00:00 INFO    [run=81963b13c2c64b02a6f374d5d4c2045f phase=speed_test event=progress.started] 测速  0/1328
2026-09-01T09:32:14+00:00 INFO    [run=81963b13c2c64b02a6f374d5d4c2045f phase=speed_test event=progress.updated] 测速  1/1328 (0%)  有效 1  失败 0  CCTV-1
2026-09-01T09:32:45+00:00 INFO    [run=81963b13c2c64b02a6f374d5d4c2045f phase=speed_test event=progress.updated] 测速  49/1328 (3%)  有效 2  失败 47  CCTV-2
2026-09-01T09:33:15+00:00 INFO    [run=81963b13c2c64b02a6f374d5d4c2045f phase=speed_test event=progress.updated] 测速  99/1328 (7%)  有效 3  失败 96  CCTV-4
2026-09-01T09:33:45+00:00 INFO    [run=81963b13c2c64b02a6f374d5d4c2045f phase=speed_test event=progress.updated] 测速  145/1328 (10%)  有效 4  失败 141  CCTV-5
2026-09-01T09:34:15+00:00 INFO    [run=81963b13c2c64b02a6f374d5d4c2045f phase=speed_test event=progress.updated] 测速  196/1328 (14%)  有效 4  失败 192  CCTV-6
2026-09-01T09:34:46+00:00 INFO    [run=81963b13c2c64b02a6f374d5d4c2045f phase=speed_test event=progress.updated] 测速  253/1328 (19%)  有效 4  失败 249  CCTV-8
2026-09-01T09:35:16+00:00 INFO    [run=81963b13c2c64b02a6f374d5d4c2045f phase=speed_test event=progress.updated] 测速  299/1328 (22%)  有效 5  失败 294  CCTV-9
2026-09-01T09:35:47+00:00 INFO    [run=81963b13c2c64b02a6f374d5d4c2045f phase=speed_test event=progress.updated] 测速  353/1328 (26%)  有效 5  失败 348  CCTV-12
2026-09-01T09:36:17+00:00 INFO    [run=81963b13c2c64b02a6f374d5d4c2045f phase=speed_test event=progress.updated] 测速  405/1328 (30%)  有效 6  失败 399  CCTV-13
2026-09-01T09:36:48+00:00 INFO    [run=81963b13c2c64b02a6f374d5d4c2045f phase=speed_test event=progress.updated] 测速  461/1328 (34%)  有效 6  失败 455  CCTV-15
2026-09-01T09:37:22+00:00 INFO    [run=81963b13c2c64b02a6f374d5d4c2045f phase=speed_test event=progress.updated] 测速  546/1328 (41%)  有效 9  失败 537  广东卫视
2026-09-01T09:37:54+00:00 INFO    [run=81963b13c2c64b02a6f374d5d4c2045f phase=speed_test event=progress.updated] 测速  596/1328 (44%)  有效 12  失败 584  湖南卫视
2026-09-01T09:38:24+00:00 INFO    [run=81963b13c2c64b02a6f374d5d4c2045f phase=speed_test event=progress.updated] 测速  651/1328 (49%)  有效 14  失败 637  湖北卫视
2026-09-01T09:38:54+00:00 INFO    [run=81963b13c2c64b02a6f374d5d4c2045f phase=speed_test event=progress.updated] 测速  704/1328 (53%)  有效 14  失败 690  重庆卫视
2026-09-01T09:39:25+00:00 INFO    [run=81963b13c2c64b02a6f374d5d4c2045f phase=speed_test event=progress.updated] 测速  797/1328 (60%)  有效 14  失败 783  重庆卫视
2026-09-01T09:39:55+00:00 INFO    [run=81963b13c2c64b02a6f374d5d4c2045f phase=speed_test event=progress.updated] 测速  895/1328 (67%)  有效 15  失败 880  东方卫视
2026-09-01T09:40:25+00:00 INFO    [run=81963b13c2c64b02a6f374d5d4c2045f phase=speed_test event=progress.updated] 测速  948/1328 (71%)  有效 15  失败 933  甘肃卫视
2026-09-01T09:40:56+00:00 INFO    [run=81963b13c2c64b02a6f374d5d4c2045f phase=speed_test event=progress.updated] 测速  1008/1328 (75%)  有效 16  失败 992  河北卫视
2026-09-01T09:41:27+00:00 INFO    [run=81963b13c2c64b02a6f374d5d4c2045f phase=speed_test event=progress.updated] 测速  1075/1328 (80%)  有效 16  失败 1059  江苏卫视
2026-09-01T09:41:58+00:00 INFO    [run=81963b13c2c64b02a6f374d5d4c2045f phase=speed_test event=progress.updated] 测速  1129/1328 (85%)  有效 17  失败 1112  辽宁卫视
2026-09-01T09:42:28+00:00 INFO    [run=81963b13c2c64b02a6f374d5d4c2045f phase=speed_test event=progress.updated] 测速  1186/1328 (89%)  有效 22  失败 1164  山东卫视
2026-09-01T09:42:59+00:00 INFO    [run=81963b13c2c64b02a6f374d5d4c2045f phase=speed_test event=progress.updated] 测速  1240/1328 (93%)  有效 27  失败 1213  四川卫视
2026-09-01T09:43:29+00:00 INFO    [run=81963b13c2c64b02a6f374d5d4c2045f phase=speed_test event=progress.updated] 测速  1293/1328 (97%)  有效 28  失败 1265  天津卫视
2026-09-01T09:43:51+00:00 INFO    [run=81963b13c2c64b02a6f374d5d4c2045f phase=speed_test event=progress.updated] 测速  1328/1328 (100%)  有效 30  失败 1298  云南卫视
2026-09-01T09:43:51+00:00 INFO    [run=81963b13c2c64b02a6f374d5d4c2045f phase=speed_test event=speed_test.artifacts_written] 测速明细已写入 output/log/speed_test.log，有效结果已写入 output/log/result.log
2026-09-01T09:43:51+00:00 INFO    [run=81963b13c2c64b02a6f374d5d4c2045f phase=speed_test event=progress.finished] 测速  1328/1328  有效 30  失败 1298
2026-09-01T09:43:51+00:00 INFO    [run=81963b13c2c64b02a6f374d5d4c2045f phase=output event=output.written] 结果文件生成完成：更新 3 个文件
2026-09-01T09:43:51+00:00 INFO    [run=81963b13c2c64b02a6f374d5d4c2045f phase=statistics event=statistics.finished] 频道统计完成：测试 1328，有效 30
2026-09-01T09:43:51+00:00 INFO    [run=81963b13c2c64b02a6f374d5d4c2045f phase=complete event=run.summary] 更新摘要
2026-09-01T09:43:51+00:00 INFO    [run=81963b13c2c64b02a6f374d5d4c2045f phase=complete event=run.finished] 更新完成！总耗时：12:03
2026-09-01T19:14:02+00:00 INFO    [event=application.started] IPTV-API 版本: 3.0.0 (构建时间: 2026-08-07 11:45:59)
2026-09-01T19:14:02+00:00 INFO    [phase=prepare event=network.ipv6.checking] 🛜 正在检查当前网络是否支持IPv6...
2026-09-01T19:14:02+00:00 WARNING [phase=prepare event=network.ipv6.unsupported] 当前网络不支持IPv6，别担心，IPv6的结果会被保存下来
2026-09-01T19:14:02+00:00 INFO    [run=b227d80cfc064974bd84daa7a9685657 phase=prepare event=run.started] 性能模式: auto → balance，可用资源: 4.0 CPU / 15.61 GB，并发: 测速 8、媒体探测 2、源抓取 8
2026-09-01T19:14:02+00:00 INFO    [run=b227d80cfc064974bd84daa7a9685657 phase=prepare event=channels.catalog_loaded] 频道目录已加载：白名单 0，黑名单 2，台标 21
2026-09-01T19:14:02+00:00 INFO    [run=b227d80cfc064974bd84daa7a9685657 phase=fetch event=sources.subscribe.summary] 订阅源数量：10，订阅白名单数量：0，停用地址数量：0，有效总数量：10
2026-09-01T19:14:02+00:00 INFO    [run=b227d80cfc064974bd84daa7a9685657 phase=fetch event=progress.started] 正在进行获取订阅源  0/10
2026-09-01T19:14:02+00:00 INFO    [run=b227d80cfc064974bd84daa7a9685657 phase=fetch event=sources.epg.summary] EPG源数量：1，EPG白名单数量：0，停用地址数量：0，有效总数量：1
2026-09-01T19:14:02+00:00 INFO    [run=b227d80cfc064974bd84daa7a9685657 phase=fetch event=progress.started] 正在进行获取EPG源  0/1
2026-09-01T19:14:03+00:00 INFO    [run=b227d80cfc064974bd84daa7a9685657 phase=fetch event=epg.source_parsed] EPG 源解析完成：http://e.erw.cc/e.xml.gz，保留节目 2189 条
2026-09-01T19:14:03+00:00 INFO    [run=b227d80cfc064974bd84daa7a9685657 phase=fetch event=progress.updated] 正在进行获取EPG源  1/1 (100%)  剩余 0
2026-09-01T19:14:03+00:00 INFO    [run=b227d80cfc064974bd84daa7a9685657 phase=fetch event=sources.epg.finished] EPG源: ✅ 有效地址数量：1，⛔ 停用地址数量：0
2026-09-01T19:14:03+00:00 INFO    [run=b227d80cfc064974bd84daa7a9685657 phase=fetch event=progress.finished] 正在进行获取EPG源  1/1  匹配 56 个频道
2026-09-01T19:14:04+00:00 INFO    [run=b227d80cfc064974bd84daa7a9685657 phase=fetch event=progress.updated] 正在进行获取订阅源  1/10 (10%)  剩余 9
2026-09-01T19:14:04+00:00 INFO    [run=b227d80cfc064974bd84daa7a9685657 phase=fetch event=progress.updated] 正在进行获取订阅源  2/10 (20%)  剩余 8
2026-09-01T19:14:04+00:00 INFO    [run=b227d80cfc064974bd84daa7a9685657 phase=fetch event=progress.updated] 正在进行获取订阅源  3/10 (30%)  剩余 7
2026-09-01T19:14:04+00:00 INFO    [run=b227d80cfc064974bd84daa7a9685657 phase=fetch event=progress.updated] 正在进行获取订阅源  4/10 (40%)  剩余 6
2026-09-01T19:14:05+00:00 INFO    [run=b227d80cfc064974bd84daa7a9685657 phase=fetch event=progress.updated] 正在进行获取订阅源  5/10 (50%)  剩余 5
2026-09-01T19:14:05+00:00 INFO    [run=b227d80cfc064974bd84daa7a9685657 phase=fetch event=progress.updated] 正在进行获取订阅源  6/10 (60%)  剩余 4
2026-09-01T19:14:05+00:00 INFO    [run=b227d80cfc064974bd84daa7a9685657 phase=fetch event=progress.updated] 正在进行获取订阅源  7/10 (70%)  剩余 3
2026-09-01T19:14:06+00:00 INFO    [run=b227d80cfc064974bd84daa7a9685657 phase=fetch event=progress.updated] 正在进行获取订阅源  8/10 (80%)  剩余 2
2026-09-01T19:14:06+00:00 INFO    [run=b227d80cfc064974bd84daa7a9685657 phase=fetch event=progress.updated] 正在进行获取订阅源  9/10 (90%)  剩余 1
2026-09-01T19:14:06+00:00 INFO    [run=b227d80cfc064974bd84daa7a9685657 phase=fetch event=progress.updated] 正在进行获取订阅源  10/10 (100%)  剩余 0
2026-09-01T19:14:06+00:00 INFO    [run=b227d80cfc064974bd84daa7a9685657 phase=fetch event=sources.subscribe.finished] 订阅源: ✅ 有效地址数量：10，⛔ 停用地址数量：0
2026-09-01T19:14:06+00:00 INFO    [run=b227d80cfc064974bd84daa7a9685657 phase=fetch event=progress.finished] 正在进行获取订阅源  10/10  未匹配 6044
2026-09-01T19:14:32+00:00 INFO    [run=b227d80cfc064974bd84daa7a9685657 phase=aggregate event=channels.aggregated] 频道数据聚合完成：56 个频道，1482 个接口（IPv4 1333 / IPv6 149）
2026-09-01T19:14:32+00:00 INFO    [run=b227d80cfc064974bd84daa7a9685657 phase=speed_test event=speed_test.planned] 总接口数量: 1477, 需要进行测速的接口数量: 1329
2026-09-01T19:14:32+00:00 INFO    [run=b227d80cfc064974bd84daa7a9685657 phase=speed_test event=progress.started] 测速  0/1329
2026-09-01T19:14:33+00:00 INFO    [run=b227d80cfc064974bd84daa7a9685657 phase=speed_test event=progress.updated] 测速  1/1329 (0%)  有效 1  失败 0  CCTV-1
2026-09-01T19:15:04+00:00 INFO    [run=b227d80cfc064974bd84daa7a9685657 phase=speed_test event=progress.updated] 测速  49/1329 (3%)  有效 2  失败 47  CCTV-2
2026-09-01T19:15:34+00:00 INFO    [run=b227d80cfc064974bd84daa7a9685657 phase=speed_test event=progress.updated] 测速  100/1329 (7%)  有效 4  失败 96  CCTV-4
2026-09-01T19:16:04+00:00 INFO    [run=b227d80cfc064974bd84daa7a9685657 phase=speed_test event=progress.updated] 测速  146/1329 (10%)  有效 4  失败 142  CCTV-5
2026-09-01T19:16:34+00:00 INFO    [run=b227d80cfc064974bd84daa7a9685657 phase=speed_test event=progress.updated] 测速  195/1329 (14%)  有效 4  失败 191  CCTV-6
2026-09-01T19:17:05+00:00 INFO    [run=b227d80cfc064974bd84daa7a9685657 phase=speed_test event=progress.updated] 测速  256/1329 (19%)  有效 4  失败 252  CCTV-8
2026-09-01T19:17:35+00:00 INFO    [run=b227d80cfc064974bd84daa7a9685657 phase=speed_test event=progress.updated] 测速  305/1329 (22%)  有效 5  失败 300  CCTV-9
2026-09-01T19:18:05+00:00 INFO    [run=b227d80cfc064974bd84daa7a9685657 phase=speed_test event=progress.updated] 测速  356/1329 (26%)  有效 5  失败 351  CCTV-11
2026-09-01T19:18:35+00:00 INFO    [run=b227d80cfc064974bd84daa7a9685657 phase=speed_test event=progress.updated] 测速  407/1329 (30%)  有效 6  失败 401  CCTV-13
2026-09-01T19:19:06+00:00 INFO    [run=b227d80cfc064974bd84daa7a9685657 phase=speed_test event=progress.updated] 测速  462/1329 (34%)  有效 6  失败 456  CCTV-15
2026-09-01T19:19:36+00:00 INFO    [run=b227d80cfc064974bd84daa7a9685657 phase=speed_test event=progress.updated] 测速  540/1329 (40%)  有效 9  失败 531  广东卫视
2026-09-01T19:20:06+00:00 INFO    [run=b227d80cfc064974bd84daa7a9685657 phase=speed_test event=progress.updated] 测速  594/1329 (44%)  有效 12  失败 582  湖南卫视
2026-09-01T19:20:36+00:00 INFO    [run=b227d80cfc064974bd84daa7a9685657 phase=speed_test event=progress.updated] 测速  649/1329 (48%)  有效 14  失败 635  湖北卫视
2026-09-01T19:21:07+00:00 INFO    [run=b227d80cfc064974bd84daa7a9685657 phase=speed_test event=progress.updated] 测速  691/1329 (51%)  有效 14  失败 677  安徽卫视
2026-09-01T19:21:37+00:00 INFO    [run=b227d80cfc064974bd84daa7a9685657 phase=speed_test event=progress.updated] 测速  786/1329 (59%)  有效 14  失败 772  重庆卫视
2026-09-01T19:22:07+00:00 INFO    [run=b227d80cfc064974bd84daa7a9685657 phase=speed_test event=progress.updated] 测速  880/1329 (66%)  有效 14  失败 866  重庆卫视
2026-09-01T19:22:38+00:00 INFO    [run=b227d80cfc064974bd84daa7a9685657 phase=speed_test event=progress.updated] 测速  945/1329 (71%)  有效 15  失败 930  甘肃卫视
2026-09-01T19:23:10+00:00 INFO    [run=b227d80cfc064974bd84daa7a9685657 phase=speed_test event=progress.updated] 测速  1009/1329 (75%)  有效 16  失败 993  河北卫视
2026-09-01T19:23:41+00:00 INFO    [run=b227d80cfc064974bd84daa7a9685657 phase=speed_test event=progress.updated] 测速  1077/1329 (81%)  有效 16  失败 1061  吉林卫视
2026-09-01T19:24:11+00:00 INFO    [run=b227d80cfc064974bd84daa7a9685657 phase=speed_test event=progress.updated] 测速  1132/1329 (85%)  有效 18  失败 1114  辽宁卫视
2026-09-01T19:24:42+00:00 INFO    [run=b227d80cfc064974bd84daa7a9685657 phase=speed_test event=progress.updated] 测速  1187/1329 (89%)  有效 24  失败 1163  山东卫视
2026-09-01T19:25:12+00:00 INFO    [run=b227d80cfc064974bd84daa7a9685657 phase=speed_test event=progress.updated] 测速  1240/1329 (93%)  有效 29  失败 1211  四川卫视
2026-09-01T19:25:42+00:00 INFO    [run=b227d80cfc064974bd84daa7a9685657 phase=speed_test event=progress.updated] 测速  1294/1329 (97%)  有效 30  失败 1264  天津卫视
2026-09-01T19:26:04+00:00 INFO    [run=b227d80cfc064974bd84daa7a9685657 phase=speed_test event=progress.updated] 测速  1329/1329 (100%)  有效 32  失败 1297  云南卫视
2026-09-01T19:26:04+00:00 INFO    [run=b227d80cfc064974bd84daa7a9685657 phase=speed_test event=speed_test.artifacts_written] 测速明细已写入 output/log/speed_test.log，有效结果已写入 output/log/result.log
2026-09-01T19:26:04+00:00 INFO    [run=b227d80cfc064974bd84daa7a9685657 phase=speed_test event=progress.finished] 测速  1329/1329  有效 32  失败 1297
2026-09-01T19:26:04+00:00 INFO    [run=b227d80cfc064974bd84daa7a9685657 phase=output event=output.written] 结果文件生成完成：更新 3 个文件
2026-09-01T19:26:04+00:00 INFO    [run=b227d80cfc064974bd84daa7a9685657 phase=statistics event=statistics.finished] 频道统计完成：测试 1329，有效 32
2026-09-01T19:26:04+00:00 INFO    [run=b227d80cfc064974bd84daa7a9685657 phase=complete event=run.summary] 更新摘要
2026-09-01T19:26:04+00:00 INFO    [run=b227d80cfc064974bd84daa7a9685657 phase=complete event=run.finished] 更新完成！总耗时：12:01
2026-09-02T03:05:30+00:00 INFO    [event=application.started] IPTV-API 版本: 3.0.0 (构建时间: 2026-08-07 11:45:59)
2026-09-02T03:05:30+00:00 INFO    [phase=prepare event=network.ipv6.checking] 🛜 正在检查当前网络是否支持IPv6...
2026-09-02T03:05:30+00:00 WARNING [phase=prepare event=network.ipv6.unsupported] 当前网络不支持IPv6，别担心，IPv6的结果会被保存下来
2026-09-02T03:05:30+00:00 INFO    [run=54a65a04e44541f5b718513249752ef8 phase=prepare event=run.started] 性能模式: auto → balance，可用资源: 4.0 CPU / 15.62 GB，并发: 测速 8、媒体探测 2、源抓取 8
2026-09-02T03:05:30+00:00 INFO    [run=54a65a04e44541f5b718513249752ef8 phase=prepare event=channels.catalog_loaded] 频道目录已加载：白名单 0，黑名单 2，台标 21
2026-09-02T03:05:30+00:00 INFO    [run=54a65a04e44541f5b718513249752ef8 phase=fetch event=sources.subscribe.summary] 订阅源数量：10，订阅白名单数量：0，停用地址数量：0，有效总数量：10
2026-09-02T03:05:30+00:00 INFO    [run=54a65a04e44541f5b718513249752ef8 phase=fetch event=progress.started] 正在进行获取订阅源  0/10
2026-09-02T03:05:30+00:00 INFO    [run=54a65a04e44541f5b718513249752ef8 phase=fetch event=sources.epg.summary] EPG源数量：1，EPG白名单数量：0，停用地址数量：0，有效总数量：1
2026-09-02T03:05:30+00:00 INFO    [run=54a65a04e44541f5b718513249752ef8 phase=fetch event=progress.started] 正在进行获取EPG源  0/1
2026-09-02T03:05:31+00:00 INFO    [run=54a65a04e44541f5b718513249752ef8 phase=fetch event=epg.source_parsed] EPG 源解析完成：http://e.erw.cc/e.xml.gz，保留节目 2225 条
2026-09-02T03:05:31+00:00 INFO    [run=54a65a04e44541f5b718513249752ef8 phase=fetch event=progress.updated] 正在进行获取EPG源  1/1 (100%)  剩余 0
2026-09-02T03:05:31+00:00 INFO    [run=54a65a04e44541f5b718513249752ef8 phase=fetch event=sources.epg.finished] EPG源: ✅ 有效地址数量：1，⛔ 停用地址数量：0
2026-09-02T03:05:31+00:00 INFO    [run=54a65a04e44541f5b718513249752ef8 phase=fetch event=progress.finished] 正在进行获取EPG源  1/1  匹配 56 个频道
2026-09-02T03:05:31+00:00 INFO    [run=54a65a04e44541f5b718513249752ef8 phase=fetch event=progress.updated] 正在进行获取订阅源  1/10 (10%)  剩余 9
2026-09-02T03:05:32+00:00 INFO    [run=54a65a04e44541f5b718513249752ef8 phase=fetch event=progress.updated] 正在进行获取订阅源  2/10 (20%)  剩余 8
2026-09-02T03:05:32+00:00 INFO    [run=54a65a04e44541f5b718513249752ef8 phase=fetch event=progress.updated] 正在进行获取订阅源  3/10 (30%)  剩余 7
2026-09-02T03:05:32+00:00 INFO    [run=54a65a04e44541f5b718513249752ef8 phase=fetch event=progress.updated] 正在进行获取订阅源  4/10 (40%)  剩余 6
2026-09-02T03:05:33+00:00 INFO    [run=54a65a04e44541f5b718513249752ef8 phase=fetch event=progress.updated] 正在进行获取订阅源  5/10 (50%)  剩余 5
2026-09-02T03:05:33+00:00 INFO    [run=54a65a04e44541f5b718513249752ef8 phase=fetch event=progress.updated] 正在进行获取订阅源  6/10 (60%)  剩余 4
2026-09-02T03:05:33+00:00 INFO    [run=54a65a04e44541f5b718513249752ef8 phase=fetch event=progress.updated] 正在进行获取订阅源  7/10 (70%)  剩余 3
2026-09-02T03:05:33+00:00 INFO    [run=54a65a04e44541f5b718513249752ef8 phase=fetch event=progress.updated] 正在进行获取订阅源  8/10 (80%)  剩余 2
2026-09-02T03:05:33+00:00 INFO    [run=54a65a04e44541f5b718513249752ef8 phase=fetch event=progress.updated] 正在进行获取订阅源  9/10 (90%)  剩余 1
2026-09-02T03:05:34+00:00 INFO    [run=54a65a04e44541f5b718513249752ef8 phase=fetch event=progress.updated] 正在进行获取订阅源  10/10 (100%)  剩余 0
2026-09-02T03:05:34+00:00 INFO    [run=54a65a04e44541f5b718513249752ef8 phase=fetch event=sources.subscribe.finished] 订阅源: ✅ 有效地址数量：10，⛔ 停用地址数量：0
2026-09-02T03:05:34+00:00 INFO    [run=54a65a04e44541f5b718513249752ef8 phase=fetch event=progress.finished] 正在进行获取订阅源  10/10  未匹配 6037
2026-09-02T03:05:56+00:00 INFO    [run=54a65a04e44541f5b718513249752ef8 phase=aggregate event=channels.aggregated] 频道数据聚合完成：56 个频道，1481 个接口（IPv4 1332 / IPv6 149）
2026-09-02T03:05:56+00:00 INFO    [run=54a65a04e44541f5b718513249752ef8 phase=speed_test event=speed_test.planned] 总接口数量: 1476, 需要进行测速的接口数量: 1328
2026-09-02T03:05:56+00:00 INFO    [run=54a65a04e44541f5b718513249752ef8 phase=speed_test event=progress.started] 测速  0/1328
2026-09-02T03:05:57+00:00 INFO    [run=54a65a04e44541f5b718513249752ef8 phase=speed_test event=progress.updated] 测速  1/1328 (0%)  有效 1  失败 0  CCTV-1
2026-09-02T03:06:28+00:00 INFO    [run=54a65a04e44541f5b718513249752ef8 phase=speed_test event=progress.updated] 测速  46/1328 (3%)  有效 2  失败 44  CCTV-2
2026-09-02T03:06:58+00:00 INFO    [run=54a65a04e44541f5b718513249752ef8 phase=speed_test event=progress.updated] 测速  89/1328 (6%)  有效 2  失败 87  CCTV-4
2026-09-02T03:07:29+00:00 INFO    [run=54a65a04e44541f5b718513249752ef8 phase=speed_test event=progress.updated] 测速  142/1328 (10%)  有效 2  失败 140  CCTV-5
2026-09-02T03:08:00+00:00 INFO    [run=54a65a04e44541f5b718513249752ef8 phase=speed_test event=progress.updated] 测速  187/1328 (14%)  有效 2  失败 185  CCTV-5+
2026-09-02T03:08:31+00:00 INFO    [run=54a65a04e44541f5b718513249752ef8 phase=speed_test event=progress.updated] 测速  243/1328 (18%)  有效 2  失败 241  CCTV-8
2026-09-02T03:09:02+00:00 INFO    [run=54a65a04e44541f5b718513249752ef8 phase=speed_test event=progress.updated] 测速  295/1328 (22%)  有效 3  失败 292  CCTV-9
2026-09-02T03:09:32+00:00 INFO    [run=54a65a04e44541f5b718513249752ef8 phase=speed_test event=progress.updated] 测速  346/1328 (26%)  有效 3  失败 343  CCTV-11
2026-09-02T03:10:04+00:00 INFO    [run=54a65a04e44541f5b718513249752ef8 phase=speed_test event=progress.updated] 测速  402/1328 (30%)  有效 4  失败 398  CCTV-13
2026-09-02T03:10:34+00:00 INFO    [run=54a65a04e44541f5b718513249752ef8 phase=speed_test event=progress.updated] 测速  454/1328 (34%)  有效 4  失败 450  CCTV-15
2026-09-02T03:11:04+00:00 INFO    [run=54a65a04e44541f5b718513249752ef8 phase=speed_test event=progress.updated] 测速  529/1328 (39%)  有效 6  失败 523  广东卫视
2026-09-02T03:11:35+00:00 INFO    [run=54a65a04e44541f5b718513249752ef8 phase=speed_test event=progress.updated] 测速  580/1328 (43%)  有效 7  失败 573  浙江卫视
2026-09-02T03:12:05+00:00 INFO    [run=54a65a04e44541f5b718513249752ef8 phase=speed_test event=progress.updated] 测速  632/1328 (47%)  有效 11  失败 621  湖北卫视
2026-09-02T03:12:37+00:00 INFO    [run=54a65a04e44541f5b718513249752ef8 phase=speed_test event=progress.updated] 测速  688/1328 (51%)  有效 11  失败 677  安徽卫视
2026-09-02T03:13:07+00:00 INFO    [run=54a65a04e44541f5b718513249752ef8 phase=speed_test event=progress.updated] 测速  766/1328 (57%)  有效 11  失败 755  重庆卫视
2026-09-02T03:13:38+00:00 INFO    [run=54a65a04e44541f5b718513249752ef8 phase=speed_test event=progress.updated] 测速  858/1328 (64%)  有效 11  失败 847  重庆卫视
2026-09-02T03:14:09+00:00 INFO    [run=54a65a04e44541f5b718513249752ef8 phase=speed_test event=progress.updated] 测速  930/1328 (70%)  有效 12  失败 918  东南卫视
2026-09-02T03:14:39+00:00 INFO    [run=54a65a04e44541f5b718513249752ef8 phase=speed_test event=progress.updated] 测速  989/1328 (74%)  有效 13  失败 976  海南卫视
2026-09-02T03:15:09+00:00 INFO    [run=54a65a04e44541f5b718513249752ef8 phase=speed_test event=progress.updated] 测速  1050/1328 (79%)  有效 13  失败 1037  吉林卫视
2026-09-02T03:15:40+00:00 INFO    [run=54a65a04e44541f5b718513249752ef8 phase=speed_test event=progress.updated] 测速  1106/1328 (83%)  有效 14  失败 1092  江西卫视
2026-09-02T03:16:10+00:00 INFO    [run=54a65a04e44541f5b718513249752ef8 phase=speed_test event=progress.updated] 测速  1164/1328 (87%)  有效 20  失败 1144  宁夏卫视
2026-09-02T03:16:41+00:00 INFO    [run=54a65a04e44541f5b718513249752ef8 phase=speed_test event=progress.updated] 测速  1221/1328 (91%)  有效 23  失败 1198  陕西卫视
2026-09-02T03:17:11+00:00 INFO    [run=54a65a04e44541f5b718513249752ef8 phase=speed_test event=progress.updated] 测速  1280/1328 (96%)  有效 26  失败 1254  天津卫视
2026-09-02T03:17:42+00:00 INFO    [run=54a65a04e44541f5b718513249752ef8 phase=speed_test event=progress.updated] 测速  1325/1328 (99%)  有效 28  失败 1297  云南卫视
2026-09-02T03:17:45+00:00 INFO    [run=54a65a04e44541f5b718513249752ef8 phase=speed_test event=progress.updated] 测速  1328/1328 (100%)  有效 28  失败 1300  云南卫视
2026-09-02T03:17:45+00:00 INFO    [run=54a65a04e44541f5b718513249752ef8 phase=speed_test event=speed_test.artifacts_written] 测速明细已写入 output/log/speed_test.log，有效结果已写入 output/log/result.log
2026-09-02T03:17:45+00:00 INFO    [run=54a65a04e44541f5b718513249752ef8 phase=speed_test event=progress.finished] 测速  1328/1328  有效 28  失败 1300
2026-09-02T03:17:45+00:00 INFO    [run=54a65a04e44541f5b718513249752ef8 phase=output event=output.written] 结果文件生成完成：更新 3 个文件
2026-09-02T03:17:45+00:00 INFO    [run=54a65a04e44541f5b718513249752ef8 phase=statistics event=statistics.finished] 频道统计完成：测试 1328，有效 28
2026-09-02T03:17:45+00:00 INFO    [run=54a65a04e44541f5b718513249752ef8 phase=complete event=run.summary] 更新摘要
2026-09-02T03:17:45+00:00 INFO    [run=54a65a04e44541f5b718513249752ef8 phase=complete event=run.finished] 更新完成！总耗时：12:14
2026-09-02T12:35:38+00:00 INFO    [event=application.started] IPTV-API 版本: 3.0.0 (构建时间: 2026-08-07 11:45:59)
2026-09-02T12:35:38+00:00 INFO    [phase=prepare event=network.ipv6.checking] 🛜 正在检查当前网络是否支持IPv6...
2026-09-02T12:35:38+00:00 WARNING [phase=prepare event=network.ipv6.unsupported] 当前网络不支持IPv6，别担心，IPv6的结果会被保存下来
2026-09-02T12:35:38+00:00 INFO    [run=f5146a54a3c644bda4f286b737ab4361 phase=prepare event=run.started] 性能模式: auto → balance，可用资源: 4.0 CPU / 15.61 GB，并发: 测速 8、媒体探测 2、源抓取 8
2026-09-02T12:35:38+00:00 INFO    [run=f5146a54a3c644bda4f286b737ab4361 phase=prepare event=channels.catalog_loaded] 频道目录已加载：白名单 0，黑名单 2，台标 21
2026-09-02T12:35:38+00:00 INFO    [run=f5146a54a3c644bda4f286b737ab4361 phase=fetch event=sources.subscribe.summary] 订阅源数量：10，订阅白名单数量：0，停用地址数量：0，有效总数量：10
2026-09-02T12:35:38+00:00 INFO    [run=f5146a54a3c644bda4f286b737ab4361 phase=fetch event=progress.started] 正在进行获取订阅源  0/10
2026-09-02T12:35:38+00:00 INFO    [run=f5146a54a3c644bda4f286b737ab4361 phase=fetch event=sources.epg.summary] EPG源数量：1，EPG白名单数量：0，停用地址数量：0，有效总数量：1
2026-09-02T12:35:38+00:00 INFO    [run=f5146a54a3c644bda4f286b737ab4361 phase=fetch event=progress.started] 正在进行获取EPG源  0/1
2026-09-02T12:35:39+00:00 INFO    [run=f5146a54a3c644bda4f286b737ab4361 phase=fetch event=epg.source_parsed] EPG 源解析完成：http://e.erw.cc/e.xml.gz，保留节目 2225 条
2026-09-02T12:35:39+00:00 INFO    [run=f5146a54a3c644bda4f286b737ab4361 phase=fetch event=progress.updated] 正在进行获取EPG源  1/1 (100%)  剩余 0
2026-09-02T12:35:39+00:00 INFO    [run=f5146a54a3c644bda4f286b737ab4361 phase=fetch event=sources.epg.finished] EPG源: ✅ 有效地址数量：1，⛔ 停用地址数量：0
2026-09-02T12:35:39+00:00 INFO    [run=f5146a54a3c644bda4f286b737ab4361 phase=fetch event=progress.finished] 正在进行获取EPG源  1/1  匹配 56 个频道
2026-09-02T12:35:40+00:00 INFO    [run=f5146a54a3c644bda4f286b737ab4361 phase=fetch event=progress.updated] 正在进行获取订阅源  1/10 (10%)  剩余 9
2026-09-02T12:35:40+00:00 INFO    [run=f5146a54a3c644bda4f286b737ab4361 phase=fetch event=progress.updated] 正在进行获取订阅源  2/10 (20%)  剩余 8
2026-09-02T12:35:40+00:00 INFO    [run=f5146a54a3c644bda4f286b737ab4361 phase=fetch event=progress.updated] 正在进行获取订阅源  3/10 (30%)  剩余 7
2026-09-02T12:35:40+00:00 INFO    [run=f5146a54a3c644bda4f286b737ab4361 phase=fetch event=progress.updated] 正在进行获取订阅源  4/10 (40%)  剩余 6
2026-09-02T12:35:40+00:00 INFO    [run=f5146a54a3c644bda4f286b737ab4361 phase=fetch event=progress.updated] 正在进行获取订阅源  5/10 (50%)  剩余 5
2026-09-02T12:35:41+00:00 INFO    [run=f5146a54a3c644bda4f286b737ab4361 phase=fetch event=progress.updated] 正在进行获取订阅源  6/10 (60%)  剩余 4
2026-09-02T12:35:41+00:00 INFO    [run=f5146a54a3c644bda4f286b737ab4361 phase=fetch event=progress.updated] 正在进行获取订阅源  7/10 (70%)  剩余 3
2026-09-02T12:35:41+00:00 INFO    [run=f5146a54a3c644bda4f286b737ab4361 phase=fetch event=progress.updated] 正在进行获取订阅源  8/10 (80%)  剩余 2
2026-09-02T12:35:41+00:00 INFO    [run=f5146a54a3c644bda4f286b737ab4361 phase=fetch event=progress.updated] 正在进行获取订阅源  9/10 (90%)  剩余 1
2026-09-02T12:35:44+00:00 INFO    [run=f5146a54a3c644bda4f286b737ab4361 phase=fetch event=progress.updated] 正在进行获取订阅源  10/10 (100%)  剩余 0
2026-09-02T12:35:44+00:00 INFO    [run=f5146a54a3c644bda4f286b737ab4361 phase=fetch event=sources.subscribe.finished] 订阅源: ✅ 有效地址数量：10，⛔ 停用地址数量：0
2026-09-02T12:35:44+00:00 INFO    [run=f5146a54a3c644bda4f286b737ab4361 phase=fetch event=progress.finished] 正在进行获取订阅源  10/10  未匹配 5727
2026-09-02T12:36:23+00:00 INFO    [run=f5146a54a3c644bda4f286b737ab4361 phase=aggregate event=channels.aggregated] 频道数据聚合完成：56 个频道，1478 个接口（IPv4 1329 / IPv6 149）
2026-09-02T12:36:23+00:00 INFO    [run=f5146a54a3c644bda4f286b737ab4361 phase=speed_test event=speed_test.planned] 总接口数量: 1473, 需要进行测速的接口数量: 1325
2026-09-02T12:36:23+00:00 INFO    [run=f5146a54a3c644bda4f286b737ab4361 phase=speed_test event=progress.started] 测速  0/1325
2026-09-02T12:36:24+00:00 INFO    [run=f5146a54a3c644bda4f286b737ab4361 phase=speed_test event=progress.updated] 测速  1/1325 (0%)  有效 1  失败 0  CCTV-1
2026-09-02T12:36:55+00:00 INFO    [run=f5146a54a3c644bda4f286b737ab4361 phase=speed_test event=progress.updated] 测速  45/1325 (3%)  有效 2  失败 43  CCTV-1
2026-09-02T12:37:25+00:00 INFO    [run=f5146a54a3c644bda4f286b737ab4361 phase=speed_test event=progress.updated] 测速  88/1325 (6%)  有效 3  失败 85  CCTV-3
2026-09-02T12:37:55+00:00 INFO    [run=f5146a54a3c644bda4f286b737ab4361 phase=speed_test event=progress.updated] 测速  140/1325 (10%)  有效 3  失败 137  CCTV-5
2026-09-02T12:38:28+00:00 INFO    [run=f5146a54a3c644bda4f286b737ab4361 phase=speed_test event=progress.updated] 测速  181/1325 (13%)  有效 3  失败 178  CCTV-5+
2026-09-02T12:38:59+00:00 INFO    [run=f5146a54a3c644bda4f286b737ab4361 phase=speed_test event=progress.updated] 测速  234/1325 (17%)  有效 3  失败 231  CCTV-7
2026-09-02T12:39:29+00:00 INFO    [run=f5146a54a3c644bda4f286b737ab4361 phase=speed_test event=progress.updated] 测速  282/1325 (21%)  有效 4  失败 278  CCTV-8
2026-09-02T12:39:59+00:00 INFO    [run=f5146a54a3c644bda4f286b737ab4361 phase=speed_test event=progress.updated] 测速  325/1325 (24%)  有效 4  失败 321  CCTV-10
2026-09-02T12:40:29+00:00 INFO    [run=f5146a54a3c644bda4f286b737ab4361 phase=speed_test event=progress.updated] 测速  377/1325 (28%)  有效 5  失败 372  CCTV-12
2026-09-02T12:41:01+00:00 INFO    [run=f5146a54a3c644bda4f286b737ab4361 phase=speed_test event=progress.updated] 测速  429/1325 (32%)  有效 5  失败 424  CCTV-14
2026-09-02T12:41:31+00:00 INFO    [run=f5146a54a3c644bda4f286b737ab4361 phase=speed_test event=progress.updated] 测速  477/1325 (36%)  有效 5  失败 472  CCTV-17
2026-09-02T12:42:02+00:00 INFO    [run=f5146a54a3c644bda4f286b737ab4361 phase=speed_test event=progress.updated] 测速  549/1325 (41%)  有效 8  失败 541  广东卫视
2026-09-02T12:42:32+00:00 INFO    [run=f5146a54a3c644bda4f286b737ab4361 phase=speed_test event=progress.updated] 测速  597/1325 (45%)  有效 11  失败 586  湖南卫视
2026-09-02T12:43:04+00:00 INFO    [run=f5146a54a3c644bda4f286b737ab4361 phase=speed_test event=progress.updated] 测速  652/1325 (49%)  有效 13  失败 639  湖北卫视
2026-09-02T12:43:34+00:00 INFO    [run=f5146a54a3c644bda4f286b737ab4361 phase=speed_test event=progress.updated] 测速  703/1325 (53%)  有效 13  失败 690  重庆卫视
2026-09-02T12:44:05+00:00 INFO    [run=f5146a54a3c644bda4f286b737ab4361 phase=speed_test event=progress.updated] 测速  796/1325 (60%)  有效 13  失败 783  重庆卫视
2026-09-02T12:44:35+00:00 INFO    [run=f5146a54a3c644bda4f286b737ab4361 phase=speed_test event=progress.updated] 测速  895/1325 (67%)  有效 14  失败 881  东方卫视
2026-09-02T12:45:05+00:00 INFO    [run=f5146a54a3c644bda4f286b737ab4361 phase=speed_test event=progress.updated] 测速  943/1325 (71%)  有效 14  失败 929  甘肃卫视
2026-09-02T12:45:35+00:00 INFO    [run=f5146a54a3c644bda4f286b737ab4361 phase=speed_test event=progress.updated] 测速  1000/1325 (75%)  有效 15  失败 985  海南卫视
2026-09-02T12:46:06+00:00 INFO    [run=f5146a54a3c644bda4f286b737ab4361 phase=speed_test event=progress.updated] 测速  1056/1325 (79%)  有效 15  失败 1041  吉林卫视
2026-09-02T12:46:37+00:00 INFO    [run=f5146a54a3c644bda4f286b737ab4361 phase=speed_test event=progress.updated] 测速  1106/1325 (83%)  有效 16  失败 1090  江西卫视
2026-09-02T12:47:07+00:00 INFO    [run=f5146a54a3c644bda4f286b737ab4361 phase=speed_test event=progress.updated] 测速  1164/1325 (87%)  有效 22  失败 1142  宁夏卫视
2026-09-02T12:47:37+00:00 INFO    [run=f5146a54a3c644bda4f286b737ab4361 phase=speed_test event=progress.updated] 测速  1218/1325 (91%)  有效 25  失败 1193  陕西卫视
2026-09-02T12:48:07+00:00 INFO    [run=f5146a54a3c644bda4f286b737ab4361 phase=speed_test event=progress.updated] 测速  1276/1325 (96%)  有效 28  失败 1248  三沙卫视
2026-09-02T12:48:39+00:00 INFO    [run=f5146a54a3c644bda4f286b737ab4361 phase=speed_test event=progress.updated] 测速  1320/1325 (99%)  有效 30  失败 1290  云南卫视
2026-09-02T12:48:44+00:00 INFO    [run=f5146a54a3c644bda4f286b737ab4361 phase=speed_test event=progress.updated] 测速  1325/1325 (100%)  有效 30  失败 1295  云南卫视
2026-09-02T12:48:44+00:00 INFO    [run=f5146a54a3c644bda4f286b737ab4361 phase=speed_test event=speed_test.artifacts_written] 测速明细已写入 output/log/speed_test.log，有效结果已写入 output/log/result.log
2026-09-02T12:48:44+00:00 INFO    [run=f5146a54a3c644bda4f286b737ab4361 phase=speed_test event=progress.finished] 测速  1325/1325  有效 30  失败 1295
2026-09-02T12:48:44+00:00 INFO    [run=f5146a54a3c644bda4f286b737ab4361 phase=output event=output.written] 结果文件生成完成：更新 3 个文件
2026-09-02T12:48:44+00:00 INFO    [run=f5146a54a3c644bda4f286b737ab4361 phase=statistics event=statistics.finished] 频道统计完成：测试 1325，有效 30
2026-09-02T12:48:44+00:00 INFO    [run=f5146a54a3c644bda4f286b737ab4361 phase=complete event=run.summary] 更新摘要
2026-09-02T12:48:44+00:00 INFO    [run=f5146a54a3c644bda4f286b737ab4361 phase=complete event=run.finished] 更新完成！总耗时：13:05
